[2026-05-21T16:00:00.340Z] sending request to doubao-seed-2-0-mini-260428
[2026-05-21T16:00:12.524Z] response: ```json
{
  "elements": [],
  "errors": ["No element with text '食贫道' found in the provided page elements."]
}
```
[2026-05-21T16:00:13.165Z] sending request to doubao-seed-2-0-mini-260428
[2026-05-21T16:00:20.665Z] response: ```json
{
  "elements": [
    {
      "reason": "This element is the search button/icon located next to the search input field (markerId 11) at the top of the page, which matches the description of clicking the search button or search icon.",
      "text": "",
      "id": "ecagi"
    }
  ],
  "errors": []
}
```
[2026-05-21T16:00:21.225Z] sending request to doubao-seed-2-0-mini-260428
[2026-05-21T16:01:01.436Z] response: {
  "data": [
    {
      "title": "已经…没有人类了",
      "author": "鹤吱菌",
      "play_count": "505.5万"
    },
    {
      "title": "好有爱的一幕！小狗拉车不慎翻车，两个过路人帮它扶正车子",
      "author": "人民日报",
      "play_count": "180.5万"
    },
    {
      "title": "你的大学生活belike",
      "author": "",
      "play_count": "234.5万"
    },
    {
      "title": "引发众怒后与《监狱来的妈妈》做切割：品一品姚晨和汪涵的声明",
      "author": "",
      "play_count": "20.6万"
    }
  ],
  "errors": []
}
[2026-05-21T16:04:48.859Z] sending request to doubao-seed-2-0-mini-260428
[2026-05-21T16:04:59.049Z] response: ```json
{
  "elements": [
    {
      "reason": "This element is the search box located at the top of the page, which matches the user's description of '页面顶部的搜索框' (search box at the top of the page).",
      "text": "洛克王国 世界",
      "id": "aemch"
    }
  ],
  "errors": []
}
```
[2026-05-21T16:05:00.375Z] sending request to doubao-seed-2-0-mini-260428
[2026-05-21T16:05:08.617Z] response: ```json
{
  "elements": [
    {
      "reason": "This element is the search icon button located next to the search input field, used to trigger the search action when clicked.",
      "text": "",
      "id": "ecagi"
    }
  ],
  "errors": []
}
```
[2026-05-21T16:05:09.148Z] sending request to doubao-seed-2-0-mini-260428
[2026-05-21T16:05:37.659Z] response: {
  "data": [
    {
      "title": "你的大学生活belike",
      "author": "鹤吱菌",
      "playCount": "234.6万"
    },
    {
      "title": "好有爱的一幕！小狗拉车不慎翻车，两个过路人帮它扶正车子",
      "author": "人民日报",
      "playCount": "180.6万"
    },
    {
      "title": "引发众怒后与《监狱来的妈妈》做切割：品一品姚晨和汪涵的声明",
      "author": "",
      "playCount": "20.6万"
    }
  ],
  "errors": []
}
[2026-05-21T16:07:15.367Z] sending request to doubao-seed-2-0-mini-260428
[2026-05-21T16:07:26.131Z] response: ```json
{
  "elements": [
    {
      "reason": "This element is the search box located at the top of the page, which matches the description of '页面顶部的搜索框' (search box at the top of the page)",
      "text": "军武志",
      "id": "ikloh"
    }
  ],
  "errors": []
}
```
[2026-05-21T16:07:27.453Z] sending request to doubao-seed-2-0-mini-260428
[2026-05-21T16:07:40.722Z] response: ```json
{
  "elements": [
    {
      "reason": "This element is the search icon button located next to the search input field, which is used to execute the search action when clicked.",
      "text": "",
      "id": "ecagi"
    }
  ],
  "errors": []
}
```
[2026-05-21T16:07:44.369Z] sending request to doubao-seed-2-0-mini-260428
[2026-05-21T16:08:29.087Z] response: {
  "data": [
    {
      "title": "说好的喂大象，为啥给我铁锹？丨南京红山动物园花絮",
      "author": "食贫道",
      "play_count": "76.8万"
    },
    {
      "title": "在南京，急头白脸吃一顿鸭子需要几步？",
      "author": "食贫道",
      "play_count": "293.6万"
    },
    {
      "title": "“偶遇俄罗斯版麦当劳，倾尽全力无法战胜”",
      "author": "食贫道",
      "play_count": "177.7万"
    },
    {
      "title": "动态视频丨“我也要去核污染区吗？”",
      "author": "食贫道",
      "play_count": "182.7万"
    },
    {
      "title": "虽迟但到，祝大家五一假期愉快！",
      "author": "食贫道",
      "play_count": "153.4万"
    },
    {
      "title": "为何我们如此在意台湾？和苑举正老师看《何以当归》寻找答案【何以当归Reaction】",
      "author": "食贫道",
      "play_count": "258.2万"
    },
    {
      "title": "吃鸭自由",
      "author": "食贫道",
      "play_count": "293.6万"
    },
    {
      "title": "我也要上吗？",
      "author": "食贫道",
      "play_count": "76.8万"
    },
    {
      "title": "迷失東京",
      "author": "食贫道",
      "play_count": "3129.0万"
    },
    {
      "title": "何以当归",
      "author": "食贫道",
      "play_count": "1758.4万"
    },
    {
      "title": "首尔夏天",
      "author": "食贫道",
      "play_count": "904.6万"
    }
  ],
  "errors": []
}
[2026-05-22T14:45:14.564Z] sending request to doubao-seed-2-0-mini-260428
[2026-05-22T14:45:24.499Z] response: ```json
{
  "elements": [
    {
      "reason": "This element is the input field located at the top of the page, which is the search box as described.",
      "text": "以防你不知道抱抱盲兔现在在国外非常活跃！！！",
      "id": "pohpm"
    }
  ],
  "errors": []
}
```
[2026-05-22T14:45:25.939Z] sending request to doubao-seed-2-0-mini-260428
[2026-05-22T14:45:32.054Z] response: ```json
{
  "elements": [
    {
      "reason": "This element is the search button (magnifying glass icon) located next to the top search input field, which is the target element to click for searching",
      "text": "",
      "id": "gbngh"
    }
  ],
  "errors": []
}
```
[2026-05-22T14:45:35.779Z] sending request to doubao-seed-2-0-mini-260428
[2026-05-22T14:45:52.218Z] response: {
  "data": [
    {"title": "也许你从未了解过波黑，但你一定听说过萨拉热窝", "play_count": "29.1万"},
    {"title": "说好的喂大象，为啥给我铁锹？丨南京红山动物园花絮", "play_count": "87.1万"},
    {"title": "在南京，急头白脸吃一顿鸭子需要几步？", "play_count": "298.4万"},
    {"title": "偶遇俄罗斯版麦当劳，倾尽全力无法战胜", "play_count": "179.7万"},
    {"title": "动态视频丨“我也要去核污染区吗？”", "play_count": "183.3万"},
    {"title": "虽迟但到，祝大家五一假期愉快！", "play_count": "154.2万"},
    {"title": "萨拉热窝执窝", "play_count": "29.1万"},
    {"title": "吃鸭自由", "play_count": "298.4万"},
    {"title": "迷失東京", "play_count": "3129.7万"},
    {"title": "我也要上吗", "play_count": "87.1万"},
    {"title": "战斗民族分量惊人", "play_count": "179.7万"}
  ],
  "errors": []
}
[2026-05-22T18:35:58.924Z] sending request to doubao-seed-2-0-mini-260428
[2026-05-22T18:36:10.383Z] response: {
  "data": "哔哩哔哩 (゜-゜)つロ 干杯~-bilibili",
  "errors": []
}
[2026-05-22T16:56:35.979Z] sending request to doubao-seed-2-0-mini-260428
[2026-05-22T16:56:43.201Z] response: ```json
{
  "elements": [
    {
      "reason": "This is the search box located at the top of the page, which matches the description of '页面顶部的搜索框' (search box at the top of the page).",
      "text": "计网",
      "id": "pkgph"
    }
  ],
  "errors": []
}
```
[2026-05-22T16:56:45.308Z] sending request to doubao-seed-2-0-mini-260428
[2026-05-22T16:56:51.386Z] response: ```json
{
  "elements": [
    {
      "reason": "This element is the search icon (button) located to the right of the search input field with content '食贫道', which is used to trigger the search action.",
      "text": "",
      "id": "omdek"
    }
  ],
  "errors": []
}
```
[2026-05-22T16:56:55.415Z] sending request to doubao-seed-2-0-mini-260428
[2026-05-22T16:57:00.555Z] response: {
  "data": [
    "当我给别人发了一个42亿像素的微信表情之后...",
    "【城】10 分钟，教你用 AI 做科普动画 | 模板开源，开箱即用",
    "【Quin】神了还是拉了 极限竞速地平线6评测",
    "日语不会说敬语所以樱花妹同事在旁边盯着我道歉",
    "用《地平线4》震撼开场打开《地平线6》……味道太冲！！【全日语配音 | 白龙】",
    "桑拿天来了：南方即将大范围高温高湿，真的应该前往北方避暑吗"
  ],
  "errors": []
}
