[2026-05-21T15:52:34.931Z] writeOutActionDumps E:\python-train\lightme\midscene_run\report\playwright-2026-05-21_23-52-33-6z2a76sg.html
[2026-05-21T15:52:35.193Z] writeOutActionDumps E:\python-train\lightme\midscene_run\report\playwright-2026-05-21_23-52-33-6z2a76sg.html
[2026-05-21T15:58:53.719Z] writeOutActionDumps E:\python-train\lightme\midscene_run\report\playwright-2026-05-21_23-58-52-zv6g6gjg.html
[2026-05-21T15:58:54.327Z] writeOutActionDumps E:\python-train\lightme\midscene_run\report\playwright-2026-05-21_23-58-52-zv6g6gjg.html
[2026-05-21T15:58:54.584Z] writeOutActionDumps E:\python-train\lightme\midscene_run\report\playwright-2026-05-21_23-58-52-zv6g6gjg.html
[2026-05-21T16:00:12.558Z] writeOutActionDumps E:\python-train\lightme\midscene_run\report\playwright-2026-05-21_23-59-58-in2ahuix.html
[2026-05-21T16:00:20.993Z] writeOutActionDumps E:\python-train\lightme\midscene_run\report\playwright-2026-05-21_23-59-58-in2ahuix.html
[2026-05-21T16:01:01.459Z] writeOutActionDumps E:\python-train\lightme\midscene_run\report\playwright-2026-05-21_23-59-58-in2ahuix.html
[2026-05-21T16:04:59.761Z] writeOutActionDumps E:\python-train\lightme\midscene_run\report\playwright-2026-05-22_00-04-46-get7h6bt.html
[2026-05-21T16:05:08.913Z] writeOutActionDumps E:\python-train\lightme\midscene_run\report\playwright-2026-05-22_00-04-46-get7h6bt.html
[2026-05-21T16:05:37.685Z] writeOutActionDumps E:\python-train\lightme\midscene_run\report\playwright-2026-05-22_00-04-46-get7h6bt.html
[2026-05-21T16:07:26.858Z] writeOutActionDumps E:\python-train\lightme\midscene_run\report\playwright-2026-05-22_00-07-13-wz8idz2q.html
[2026-05-21T16:07:41.028Z] writeOutActionDumps E:\python-train\lightme\midscene_run\report\playwright-2026-05-22_00-07-13-wz8idz2q.html
[2026-05-21T16:08:29.114Z] writeOutActionDumps E:\python-train\lightme\midscene_run\report\playwright-2026-05-22_00-07-13-wz8idz2q.html
[2026-05-22T14:45:25.228Z] writeOutActionDumps E:\python-train\lightme\midscene_run\report\playwright-2026-05-22_22-45-12-qzydvgnn.html
[2026-05-22T14:45:32.350Z] writeOutActionDumps E:\python-train\lightme\midscene_run\report\playwright-2026-05-22_22-45-12-qzydvgnn.html
[2026-05-22T14:45:52.253Z] writeOutActionDumps E:\python-train\lightme\midscene_run\report\playwright-2026-05-22_22-45-12-qzydvgnn.html
[2026-05-22T18:36:10.422Z] writeOutActionDumps E:\python-train\lightme\midscene_run\report\playwright-2026-05-23_02-35-56-yxa6u7rg.html
[2026-05-22T16:56:44.016Z] writeOutActionDumps E:\python-train\lightme\midscene_run\report\playwright-2026-05-23_00-56-33-e7d8l4s4.html
[2026-05-22T16:56:51.763Z] writeOutActionDumps E:\python-train\lightme\midscene_run\report\playwright-2026-05-23_00-56-33-e7d8l4s4.html
[2026-05-22T16:57:00.585Z] writeOutActionDumps E:\python-train\lightme\midscene_run\report\playwright-2026-05-23_00-56-33-e7d8l4s4.html
