[2026-05-21T15:52:34.072Z] waitForNavigation begin
[2026-05-21T15:52:34.072Z] waitForNavigation timeout: 5000
[2026-05-21T15:52:34.072Z] waitForNavigation begin
[2026-05-21T15:52:34.072Z] waitForNavigation timeout: 5000
[2026-05-21T15:52:34.119Z] waitForNavigation end
[2026-05-21T15:52:34.120Z] screenshotBase64 begin
[2026-05-21T15:52:34.120Z] waitForNavigation end
[2026-05-21T15:52:34.120Z] evaluate function begin
[2026-05-21T15:52:34.304Z] evaluate function end
[2026-05-21T15:52:34.359Z] screenshotBase64 end
[2026-05-21T15:52:34.360Z] evaluate function begin
[2026-05-21T15:52:34.361Z] evaluate function end
[2026-05-21T15:52:34.454Z] waitForNavigation begin
[2026-05-21T15:52:34.454Z] waitForNavigation timeout: 5000
[2026-05-21T15:52:34.454Z] waitForNavigation begin
[2026-05-21T15:52:34.454Z] waitForNavigation timeout: 5000
[2026-05-21T15:52:34.459Z] waitForNavigation end
[2026-05-21T15:52:34.459Z] screenshotBase64 begin
[2026-05-21T15:52:34.459Z] waitForNavigation end
[2026-05-21T15:52:34.460Z] evaluate function begin
[2026-05-21T15:52:34.540Z] evaluate function end
[2026-05-21T15:52:34.574Z] screenshotBase64 end
[2026-05-21T15:52:34.931Z] waitForNavigation begin
[2026-05-21T15:52:34.931Z] waitForNavigation timeout: 5000
[2026-05-21T15:52:34.943Z] waitForNavigation end
[2026-05-21T15:52:34.943Z] screenshotBase64 begin
[2026-05-21T15:52:34.972Z] screenshotBase64 end
[2026-05-21T15:52:35.056Z] waitForNavigation begin
[2026-05-21T15:52:35.056Z] waitForNavigation timeout: 5000
[2026-05-21T15:52:35.057Z] waitForNavigation begin
[2026-05-21T15:52:35.057Z] waitForNavigation timeout: 5000
[2026-05-21T15:52:35.063Z] waitForNavigation end
[2026-05-21T15:52:35.063Z] screenshotBase64 begin
[2026-05-21T15:52:35.063Z] waitForNavigation end
[2026-05-21T15:52:35.063Z] evaluate function begin
[2026-05-21T15:52:35.148Z] evaluate function end
[2026-05-21T15:52:35.173Z] screenshotBase64 end
[2026-05-21T15:58:52.887Z] waitForNavigation begin
[2026-05-21T15:58:52.887Z] waitForNavigation timeout: 5000
[2026-05-21T15:58:52.887Z] waitForNavigation begin
[2026-05-21T15:58:52.888Z] waitForNavigation timeout: 5000
[2026-05-21T15:58:52.906Z] waitForNavigation end
[2026-05-21T15:58:52.906Z] screenshotBase64 begin
[2026-05-21T15:58:52.907Z] waitForNavigation end
[2026-05-21T15:58:52.908Z] evaluate function begin
[2026-05-21T15:58:52.999Z] evaluate function end
[2026-05-21T15:58:53.111Z] screenshotBase64 end
[2026-05-21T15:58:53.113Z] evaluate function begin
[2026-05-21T15:58:53.140Z] evaluate function end
[2026-05-21T15:58:53.223Z] waitForNavigation begin
[2026-05-21T15:58:53.223Z] waitForNavigation timeout: 5000
[2026-05-21T15:58:53.223Z] waitForNavigation begin
[2026-05-21T15:58:53.223Z] waitForNavigation timeout: 5000
[2026-05-21T15:58:53.228Z] waitForNavigation end
[2026-05-21T15:58:53.228Z] screenshotBase64 begin
[2026-05-21T15:58:53.228Z] waitForNavigation end
[2026-05-21T15:58:53.229Z] evaluate function begin
[2026-05-21T15:58:53.304Z] evaluate function end
[2026-05-21T15:58:53.341Z] screenshotBase64 end
[2026-05-21T15:58:53.800Z] waitForNavigation begin
[2026-05-21T15:58:53.800Z] waitForNavigation timeout: 5000
[2026-05-21T15:58:53.800Z] waitForNavigation begin
[2026-05-21T15:58:53.800Z] waitForNavigation timeout: 5000
[2026-05-21T15:58:53.806Z] waitForNavigation end
[2026-05-21T15:58:53.806Z] screenshotBase64 begin
[2026-05-21T15:58:53.806Z] waitForNavigation end
[2026-05-21T15:58:53.806Z] evaluate function begin
[2026-05-21T15:58:53.904Z] evaluate function end
[2026-05-21T15:58:53.929Z] screenshotBase64 end
[2026-05-21T15:58:54.019Z] waitForNavigation begin
[2026-05-21T15:58:54.019Z] waitForNavigation timeout: 5000
[2026-05-21T15:58:54.019Z] waitForNavigation begin
[2026-05-21T15:58:54.019Z] waitForNavigation timeout: 5000
[2026-05-21T15:58:54.026Z] waitForNavigation end
[2026-05-21T15:58:54.026Z] screenshotBase64 begin
[2026-05-21T15:58:54.026Z] waitForNavigation end
[2026-05-21T15:58:54.027Z] evaluate function begin
[2026-05-21T15:58:54.108Z] evaluate function end
[2026-05-21T15:58:54.130Z] screenshotBase64 end
[2026-05-21T15:58:54.328Z] waitForNavigation begin
[2026-05-21T15:58:54.328Z] waitForNavigation timeout: 5000
[2026-05-21T15:58:54.332Z] waitForNavigation end
[2026-05-21T15:58:54.332Z] screenshotBase64 begin
[2026-05-21T15:58:54.359Z] screenshotBase64 end
[2026-05-21T15:58:54.442Z] waitForNavigation begin
[2026-05-21T15:58:54.442Z] waitForNavigation timeout: 5000
[2026-05-21T15:58:54.443Z] waitForNavigation begin
[2026-05-21T15:58:54.443Z] waitForNavigation timeout: 5000
[2026-05-21T15:58:54.448Z] waitForNavigation end
[2026-05-21T15:58:54.448Z] screenshotBase64 begin
[2026-05-21T15:58:54.449Z] waitForNavigation end
[2026-05-21T15:58:54.449Z] evaluate function begin
[2026-05-21T15:58:54.538Z] evaluate function end
[2026-05-21T15:58:54.562Z] screenshotBase64 end
[2026-05-21T15:59:59.530Z] waitForNavigation begin
[2026-05-21T15:59:59.530Z] waitForNavigation timeout: 5000
[2026-05-21T15:59:59.530Z] waitForNavigation begin
[2026-05-21T15:59:59.530Z] waitForNavigation timeout: 5000
[2026-05-21T15:59:59.596Z] waitForNavigation end
[2026-05-21T15:59:59.596Z] screenshotBase64 begin
[2026-05-21T15:59:59.597Z] waitForNavigation end
[2026-05-21T15:59:59.597Z] evaluate function begin
[2026-05-21T15:59:59.698Z] evaluate function end
[2026-05-21T15:59:59.811Z] screenshotBase64 end
[2026-05-21T15:59:59.812Z] evaluate function begin
[2026-05-21T15:59:59.815Z] evaluate function end
[2026-05-21T15:59:59.901Z] waitForNavigation begin
[2026-05-21T15:59:59.901Z] waitForNavigation timeout: 5000
[2026-05-21T15:59:59.901Z] waitForNavigation begin
[2026-05-21T15:59:59.901Z] waitForNavigation timeout: 5000
[2026-05-21T15:59:59.906Z] waitForNavigation end
[2026-05-21T15:59:59.906Z] screenshotBase64 begin
[2026-05-21T15:59:59.907Z] waitForNavigation end
[2026-05-21T15:59:59.907Z] evaluate function begin
[2026-05-21T15:59:59.988Z] evaluate function end
[2026-05-21T16:00:00.023Z] screenshotBase64 end
[2026-05-21T16:00:12.643Z] waitForNavigation begin
[2026-05-21T16:00:12.643Z] waitForNavigation timeout: 5000
[2026-05-21T16:00:12.644Z] waitForNavigation begin
[2026-05-21T16:00:12.644Z] waitForNavigation timeout: 5000
[2026-05-21T16:00:12.649Z] waitForNavigation end
[2026-05-21T16:00:12.649Z] screenshotBase64 begin
[2026-05-21T16:00:12.650Z] waitForNavigation end
[2026-05-21T16:00:12.650Z] evaluate function begin
[2026-05-21T16:00:12.752Z] evaluate function end
[2026-05-21T16:00:12.770Z] screenshotBase64 end
[2026-05-21T16:00:12.860Z] waitForNavigation begin
[2026-05-21T16:00:12.860Z] waitForNavigation timeout: 5000
[2026-05-21T16:00:12.860Z] waitForNavigation begin
[2026-05-21T16:00:12.860Z] waitForNavigation timeout: 5000
[2026-05-21T16:00:12.864Z] waitForNavigation end
[2026-05-21T16:00:12.864Z] screenshotBase64 begin
[2026-05-21T16:00:12.865Z] waitForNavigation end
[2026-05-21T16:00:12.865Z] evaluate function begin
[2026-05-21T16:00:12.950Z] evaluate function end
[2026-05-21T16:00:12.972Z] screenshotBase64 end
[2026-05-21T16:00:20.665Z] waitForNavigation begin
[2026-05-21T16:00:20.665Z] waitForNavigation timeout: 5000
[2026-05-21T16:00:20.669Z] waitForNavigation end
[2026-05-21T16:00:20.669Z] screenshotBase64 begin
[2026-05-21T16:00:20.702Z] screenshotBase64 end
[2026-05-21T16:00:20.919Z] waitForNavigation begin
[2026-05-21T16:00:20.919Z] waitForNavigation timeout: 5000
[2026-05-21T16:00:20.923Z] waitForNavigation end
[2026-05-21T16:00:20.923Z] screenshotBase64 begin
[2026-05-21T16:00:20.971Z] screenshotBase64 end
[2026-05-21T16:00:20.994Z] waitForNavigation begin
[2026-05-21T16:00:20.994Z] waitForNavigation timeout: 5000
[2026-05-21T16:00:20.997Z] waitForNavigation end
[2026-05-21T16:00:20.997Z] screenshotBase64 begin
[2026-05-21T16:00:21.036Z] screenshotBase64 end
[2026-05-21T16:00:21.120Z] waitForNavigation begin
[2026-05-21T16:00:21.120Z] waitForNavigation timeout: 5000
[2026-05-21T16:00:21.120Z] waitForNavigation begin
[2026-05-21T16:00:21.120Z] waitForNavigation timeout: 5000
[2026-05-21T16:00:21.124Z] waitForNavigation end
[2026-05-21T16:00:21.124Z] screenshotBase64 begin
[2026-05-21T16:00:21.124Z] waitForNavigation end
[2026-05-21T16:00:21.125Z] evaluate function begin
[2026-05-21T16:00:21.206Z] evaluate function end
[2026-05-21T16:00:21.223Z] screenshotBase64 end
[2026-05-21T16:04:47.886Z] waitForNavigation begin
[2026-05-21T16:04:47.886Z] waitForNavigation timeout: 5000
[2026-05-21T16:04:47.886Z] waitForNavigation begin
[2026-05-21T16:04:47.886Z] waitForNavigation timeout: 5000
[2026-05-21T16:04:47.908Z] waitForNavigation end
[2026-05-21T16:04:47.908Z] screenshotBase64 begin
[2026-05-21T16:04:47.908Z] waitForNavigation end
[2026-05-21T16:04:47.909Z] evaluate function begin
[2026-05-21T16:04:48.004Z] evaluate function end
[2026-05-21T16:04:48.308Z] screenshotBase64 end
[2026-05-21T16:04:48.309Z] evaluate function begin
[2026-05-21T16:04:48.310Z] evaluate function end
[2026-05-21T16:04:48.397Z] waitForNavigation begin
[2026-05-21T16:04:48.397Z] waitForNavigation timeout: 5000
[2026-05-21T16:04:48.397Z] waitForNavigation begin
[2026-05-21T16:04:48.397Z] waitForNavigation timeout: 5000
[2026-05-21T16:04:48.452Z] waitForNavigation end
[2026-05-21T16:04:48.452Z] screenshotBase64 begin
[2026-05-21T16:04:48.453Z] waitForNavigation end
[2026-05-21T16:04:48.453Z] evaluate function begin
[2026-05-21T16:04:48.543Z] evaluate function end
[2026-05-21T16:04:48.561Z] screenshotBase64 end
[2026-05-21T16:04:59.049Z] waitForNavigation begin
[2026-05-21T16:04:59.049Z] waitForNavigation timeout: 5000
[2026-05-21T16:04:59.055Z] waitForNavigation end
[2026-05-21T16:04:59.055Z] screenshotBase64 begin
[2026-05-21T16:04:59.088Z] screenshotBase64 end
[2026-05-21T16:04:59.684Z] waitForNavigation begin
[2026-05-21T16:04:59.684Z] waitForNavigation timeout: 5000
[2026-05-21T16:04:59.688Z] waitForNavigation end
[2026-05-21T16:04:59.688Z] screenshotBase64 begin
[2026-05-21T16:04:59.721Z] screenshotBase64 end
[2026-05-21T16:04:59.846Z] waitForNavigation begin
[2026-05-21T16:04:59.846Z] waitForNavigation timeout: 5000
[2026-05-21T16:04:59.846Z] waitForNavigation begin
[2026-05-21T16:04:59.846Z] waitForNavigation timeout: 5000
[2026-05-21T16:04:59.850Z] waitForNavigation end
[2026-05-21T16:04:59.850Z] screenshotBase64 begin
[2026-05-21T16:04:59.851Z] waitForNavigation end
[2026-05-21T16:04:59.851Z] evaluate function begin
[2026-05-21T16:04:59.946Z] evaluate function end
[2026-05-21T16:04:59.963Z] screenshotBase64 end
[2026-05-21T16:05:00.059Z] waitForNavigation begin
[2026-05-21T16:05:00.059Z] waitForNavigation timeout: 5000
[2026-05-21T16:05:00.059Z] waitForNavigation begin
[2026-05-21T16:05:00.059Z] waitForNavigation timeout: 5000
[2026-05-21T16:05:00.066Z] waitForNavigation end
[2026-05-21T16:05:00.067Z] screenshotBase64 begin
[2026-05-21T16:05:00.067Z] waitForNavigation end
[2026-05-21T16:05:00.067Z] evaluate function begin
[2026-05-21T16:05:00.158Z] evaluate function end
[2026-05-21T16:05:00.188Z] screenshotBase64 end
[2026-05-21T16:05:08.617Z] waitForNavigation begin
[2026-05-21T16:05:08.617Z] waitForNavigation timeout: 5000
[2026-05-21T16:05:08.621Z] waitForNavigation end
[2026-05-21T16:05:08.621Z] screenshotBase64 begin
[2026-05-21T16:05:08.656Z] screenshotBase64 end
[2026-05-21T16:05:08.858Z] waitForNavigation begin
[2026-05-21T16:05:08.858Z] waitForNavigation timeout: 5000
[2026-05-21T16:05:08.862Z] waitForNavigation end
[2026-05-21T16:05:08.862Z] screenshotBase64 begin
[2026-05-21T16:05:08.887Z] screenshotBase64 end
[2026-05-21T16:05:08.913Z] waitForNavigation begin
[2026-05-21T16:05:08.913Z] waitForNavigation timeout: 5000
[2026-05-21T16:05:08.917Z] waitForNavigation end
[2026-05-21T16:05:08.917Z] screenshotBase64 begin
[2026-05-21T16:05:08.940Z] screenshotBase64 end
[2026-05-21T16:05:09.023Z] waitForNavigation begin
[2026-05-21T16:05:09.023Z] waitForNavigation timeout: 5000
[2026-05-21T16:05:09.023Z] waitForNavigation begin
[2026-05-21T16:05:09.023Z] waitForNavigation timeout: 5000
[2026-05-21T16:05:09.029Z] waitForNavigation end
[2026-05-21T16:05:09.029Z] screenshotBase64 begin
[2026-05-21T16:05:09.030Z] waitForNavigation end
[2026-05-21T16:05:09.030Z] evaluate function begin
[2026-05-21T16:05:09.127Z] evaluate function end
[2026-05-21T16:05:09.146Z] screenshotBase64 end
[2026-05-21T16:07:14.324Z] waitForNavigation begin
[2026-05-21T16:07:14.324Z] waitForNavigation timeout: 5000
[2026-05-21T16:07:14.325Z] waitForNavigation begin
[2026-05-21T16:07:14.325Z] waitForNavigation timeout: 5000
[2026-05-21T16:07:14.346Z] waitForNavigation end
[2026-05-21T16:07:14.346Z] screenshotBase64 begin
[2026-05-21T16:07:14.346Z] waitForNavigation end
[2026-05-21T16:07:14.347Z] evaluate function begin
[2026-05-21T16:07:14.434Z] evaluate function end
[2026-05-21T16:07:14.770Z] screenshotBase64 end
[2026-05-21T16:07:14.771Z] evaluate function begin
[2026-05-21T16:07:14.777Z] evaluate function end
[2026-05-21T16:07:14.866Z] waitForNavigation begin
[2026-05-21T16:07:14.866Z] waitForNavigation timeout: 5000
[2026-05-21T16:07:14.866Z] waitForNavigation begin
[2026-05-21T16:07:14.866Z] waitForNavigation timeout: 5000
[2026-05-21T16:07:14.871Z] waitForNavigation end
[2026-05-21T16:07:14.872Z] screenshotBase64 begin
[2026-05-21T16:07:14.872Z] waitForNavigation end
[2026-05-21T16:07:14.873Z] evaluate function begin
[2026-05-21T16:07:14.957Z] evaluate function end
[2026-05-21T16:07:15.060Z] screenshotBase64 end
[2026-05-21T16:07:26.132Z] waitForNavigation begin
[2026-05-21T16:07:26.132Z] waitForNavigation timeout: 5000
[2026-05-21T16:07:26.137Z] waitForNavigation end
[2026-05-21T16:07:26.137Z] screenshotBase64 begin
[2026-05-21T16:07:26.169Z] screenshotBase64 end
[2026-05-21T16:07:26.781Z] waitForNavigation begin
[2026-05-21T16:07:26.781Z] waitForNavigation timeout: 5000
[2026-05-21T16:07:26.785Z] waitForNavigation end
[2026-05-21T16:07:26.785Z] screenshotBase64 begin
[2026-05-21T16:07:26.818Z] screenshotBase64 end
[2026-05-21T16:07:26.948Z] waitForNavigation begin
[2026-05-21T16:07:26.948Z] waitForNavigation timeout: 5000
[2026-05-21T16:07:26.948Z] waitForNavigation begin
[2026-05-21T16:07:26.948Z] waitForNavigation timeout: 5000
[2026-05-21T16:07:26.953Z] waitForNavigation end
[2026-05-21T16:07:26.953Z] screenshotBase64 begin
[2026-05-21T16:07:26.953Z] waitForNavigation end
[2026-05-21T16:07:26.954Z] evaluate function begin
[2026-05-21T16:07:27.046Z] evaluate function end
[2026-05-21T16:07:27.067Z] screenshotBase64 end
[2026-05-21T16:07:27.160Z] waitForNavigation begin
[2026-05-21T16:07:27.160Z] waitForNavigation timeout: 5000
[2026-05-21T16:07:27.161Z] waitForNavigation begin
[2026-05-21T16:07:27.161Z] waitForNavigation timeout: 5000
[2026-05-21T16:07:27.166Z] waitForNavigation end
[2026-05-21T16:07:27.166Z] screenshotBase64 begin
[2026-05-21T16:07:27.167Z] waitForNavigation end
[2026-05-21T16:07:27.167Z] evaluate function begin
[2026-05-21T16:07:27.251Z] evaluate function end
[2026-05-21T16:07:27.267Z] screenshotBase64 end
[2026-05-21T16:07:40.722Z] waitForNavigation begin
[2026-05-21T16:07:40.722Z] waitForNavigation timeout: 5000
[2026-05-21T16:07:40.728Z] waitForNavigation end
[2026-05-21T16:07:40.728Z] screenshotBase64 begin
[2026-05-21T16:07:40.751Z] screenshotBase64 end
[2026-05-21T16:07:40.964Z] waitForNavigation begin
[2026-05-21T16:07:40.964Z] waitForNavigation timeout: 5000
[2026-05-21T16:07:40.968Z] waitForNavigation end
[2026-05-21T16:07:40.968Z] screenshotBase64 begin
[2026-05-21T16:07:41.001Z] screenshotBase64 end
[2026-05-21T16:07:44.033Z] waitForNavigation begin
[2026-05-21T16:07:44.033Z] waitForNavigation timeout: 5000
[2026-05-21T16:07:44.046Z] waitForNavigation end
[2026-05-21T16:07:44.046Z] screenshotBase64 begin
[2026-05-21T16:07:44.066Z] screenshotBase64 end
[2026-05-21T16:07:44.150Z] waitForNavigation begin
[2026-05-21T16:07:44.151Z] waitForNavigation timeout: 5000
[2026-05-21T16:07:44.151Z] waitForNavigation begin
[2026-05-21T16:07:44.151Z] waitForNavigation timeout: 5000
[2026-05-21T16:07:44.156Z] waitForNavigation end
[2026-05-21T16:07:44.156Z] screenshotBase64 begin
[2026-05-21T16:07:44.156Z] waitForNavigation end
[2026-05-21T16:07:44.156Z] evaluate function begin
[2026-05-21T16:07:44.349Z] evaluate function end
[2026-05-21T16:07:44.366Z] screenshotBase64 end
[2026-05-22T14:45:13.710Z] waitForNavigation begin
[2026-05-22T14:45:13.710Z] waitForNavigation timeout: 5000
[2026-05-22T14:45:13.710Z] waitForNavigation begin
[2026-05-22T14:45:13.710Z] waitForNavigation timeout: 5000
[2026-05-22T14:45:13.745Z] waitForNavigation end
[2026-05-22T14:45:13.745Z] screenshotBase64 begin
[2026-05-22T14:45:13.747Z] waitForNavigation end
[2026-05-22T14:45:13.747Z] evaluate function begin
[2026-05-22T14:45:13.857Z] evaluate function end
[2026-05-22T14:45:14.010Z] screenshotBase64 end
[2026-05-22T14:45:14.012Z] evaluate function begin
[2026-05-22T14:45:14.019Z] evaluate function end
[2026-05-22T14:45:14.120Z] waitForNavigation begin
[2026-05-22T14:45:14.120Z] waitForNavigation timeout: 5000
[2026-05-22T14:45:14.121Z] waitForNavigation begin
[2026-05-22T14:45:14.121Z] waitForNavigation timeout: 5000
[2026-05-22T14:45:14.129Z] waitForNavigation end
[2026-05-22T14:45:14.129Z] screenshotBase64 begin
[2026-05-22T14:45:14.130Z] waitForNavigation end
[2026-05-22T14:45:14.131Z] evaluate function begin
[2026-05-22T14:45:14.222Z] evaluate function end
[2026-05-22T14:45:14.252Z] screenshotBase64 end
[2026-05-22T14:45:24.500Z] waitForNavigation begin
[2026-05-22T14:45:24.500Z] waitForNavigation timeout: 5000
[2026-05-22T14:45:24.506Z] waitForNavigation end
[2026-05-22T14:45:24.506Z] screenshotBase64 begin
[2026-05-22T14:45:24.527Z] screenshotBase64 end
[2026-05-22T14:45:25.146Z] waitForNavigation begin
[2026-05-22T14:45:25.147Z] waitForNavigation timeout: 5000
[2026-05-22T14:45:25.153Z] waitForNavigation end
[2026-05-22T14:45:25.153Z] screenshotBase64 begin
[2026-05-22T14:45:25.178Z] screenshotBase64 end
[2026-05-22T14:45:25.328Z] waitForNavigation begin
[2026-05-22T14:45:25.328Z] waitForNavigation timeout: 5000
[2026-05-22T14:45:25.328Z] waitForNavigation begin
[2026-05-22T14:45:25.328Z] waitForNavigation timeout: 5000
[2026-05-22T14:45:25.333Z] waitForNavigation end
[2026-05-22T14:45:25.333Z] screenshotBase64 begin
[2026-05-22T14:45:25.334Z] waitForNavigation end
[2026-05-22T14:45:25.334Z] evaluate function begin
[2026-05-22T14:45:25.452Z] evaluate function end
[2026-05-22T14:45:25.475Z] screenshotBase64 end
[2026-05-22T14:45:25.574Z] waitForNavigation begin
[2026-05-22T14:45:25.575Z] waitForNavigation timeout: 5000
[2026-05-22T14:45:25.575Z] waitForNavigation begin
[2026-05-22T14:45:25.575Z] waitForNavigation timeout: 5000
[2026-05-22T14:45:25.579Z] waitForNavigation end
[2026-05-22T14:45:25.579Z] screenshotBase64 begin
[2026-05-22T14:45:25.580Z] waitForNavigation end
[2026-05-22T14:45:25.580Z] evaluate function begin
[2026-05-22T14:45:25.682Z] evaluate function end
[2026-05-22T14:45:25.714Z] screenshotBase64 end
[2026-05-22T14:45:32.054Z] waitForNavigation begin
[2026-05-22T14:45:32.054Z] waitForNavigation timeout: 5000
[2026-05-22T14:45:32.058Z] waitForNavigation end
[2026-05-22T14:45:32.058Z] screenshotBase64 begin
[2026-05-22T14:45:32.077Z] screenshotBase64 end
[2026-05-22T14:45:32.280Z] waitForNavigation begin
[2026-05-22T14:45:32.280Z] waitForNavigation timeout: 5000
[2026-05-22T14:45:32.285Z] waitForNavigation end
[2026-05-22T14:45:32.285Z] screenshotBase64 begin
[2026-05-22T14:45:32.317Z] screenshotBase64 end
[2026-05-22T14:45:35.363Z] waitForNavigation begin
[2026-05-22T14:45:35.363Z] waitForNavigation timeout: 5000
[2026-05-22T14:45:35.382Z] waitForNavigation end
[2026-05-22T14:45:35.382Z] screenshotBase64 begin
[2026-05-22T14:45:35.412Z] screenshotBase64 end
[2026-05-22T14:45:35.496Z] waitForNavigation begin
[2026-05-22T14:45:35.496Z] waitForNavigation timeout: 5000
[2026-05-22T14:45:35.496Z] waitForNavigation begin
[2026-05-22T14:45:35.496Z] waitForNavigation timeout: 5000
[2026-05-22T14:45:35.501Z] waitForNavigation end
[2026-05-22T14:45:35.501Z] screenshotBase64 begin
[2026-05-22T14:45:35.501Z] waitForNavigation end
[2026-05-22T14:45:35.502Z] evaluate function begin
[2026-05-22T14:45:35.751Z] evaluate function end
[2026-05-22T14:45:35.773Z] screenshotBase64 end
[2026-05-22T18:35:57.759Z] waitForNavigation begin
[2026-05-22T18:35:57.759Z] waitForNavigation timeout: 5000
[2026-05-22T18:35:57.881Z] waitForNavigation end
[2026-05-22T18:35:57.881Z] screenshotBase64 begin
[2026-05-22T18:35:58.046Z] screenshotBase64 end
[2026-05-22T18:35:58.185Z] waitForNavigation begin
[2026-05-22T18:35:58.186Z] waitForNavigation timeout: 5000
[2026-05-22T18:35:58.186Z] waitForNavigation begin
[2026-05-22T18:35:58.186Z] waitForNavigation timeout: 5000
[2026-05-22T18:35:58.206Z] waitForNavigation end
[2026-05-22T18:35:58.206Z] screenshotBase64 begin
[2026-05-22T18:35:58.207Z] waitForNavigation end
[2026-05-22T18:35:58.209Z] evaluate function begin
[2026-05-22T18:35:58.339Z] evaluate function end
[2026-05-22T18:35:58.424Z] screenshotBase64 end
[2026-05-22T18:35:58.425Z] evaluate function begin
[2026-05-22T18:35:58.428Z] evaluate function end
[2026-05-22T16:56:34.337Z] waitForNavigation begin
[2026-05-22T16:56:34.337Z] waitForNavigation timeout: 5000
[2026-05-22T16:56:34.338Z] waitForNavigation begin
[2026-05-22T16:56:34.338Z] waitForNavigation timeout: 5000
[2026-05-22T16:56:34.418Z] waitForNavigation end
[2026-05-22T16:56:34.418Z] screenshotBase64 begin
[2026-05-22T16:56:34.420Z] waitForNavigation end
[2026-05-22T16:56:34.420Z] evaluate function begin
[2026-05-22T16:56:34.591Z] evaluate function end
[2026-05-22T16:56:34.844Z] screenshotBase64 end
[2026-05-22T16:56:34.845Z] evaluate function begin
[2026-05-22T16:56:34.846Z] evaluate function end
[2026-05-22T16:56:35.264Z] waitForNavigation begin
[2026-05-22T16:56:35.264Z] waitForNavigation timeout: 5000
[2026-05-22T16:56:35.265Z] waitForNavigation begin
[2026-05-22T16:56:35.265Z] waitForNavigation timeout: 5000
[2026-05-22T16:56:35.271Z] waitForNavigation end
[2026-05-22T16:56:35.271Z] screenshotBase64 begin
[2026-05-22T16:56:35.271Z] waitForNavigation end
[2026-05-22T16:56:35.272Z] evaluate function begin
[2026-05-22T16:56:35.398Z] evaluate function end
[2026-05-22T16:56:35.460Z] screenshotBase64 end
[2026-05-22T16:56:43.201Z] waitForNavigation begin
[2026-05-22T16:56:43.201Z] waitForNavigation timeout: 5000
[2026-05-22T16:56:43.206Z] waitForNavigation end
[2026-05-22T16:56:43.206Z] screenshotBase64 begin
[2026-05-22T16:56:43.281Z] screenshotBase64 end
[2026-05-22T16:56:43.890Z] waitForNavigation begin
[2026-05-22T16:56:43.890Z] waitForNavigation timeout: 5000
[2026-05-22T16:56:43.896Z] waitForNavigation end
[2026-05-22T16:56:43.896Z] screenshotBase64 begin
[2026-05-22T16:56:43.975Z] screenshotBase64 end
[2026-05-22T16:56:44.107Z] waitForNavigation begin
[2026-05-22T16:56:44.107Z] waitForNavigation timeout: 5000
[2026-05-22T16:56:44.107Z] waitForNavigation begin
[2026-05-22T16:56:44.107Z] waitForNavigation timeout: 5000
[2026-05-22T16:56:44.112Z] waitForNavigation end
[2026-05-22T16:56:44.112Z] screenshotBase64 begin
[2026-05-22T16:56:44.113Z] waitForNavigation end
[2026-05-22T16:56:44.114Z] evaluate function begin
[2026-05-22T16:56:44.249Z] evaluate function end
[2026-05-22T16:56:44.313Z] screenshotBase64 end
[2026-05-22T16:56:44.640Z] waitForNavigation begin
[2026-05-22T16:56:44.640Z] waitForNavigation timeout: 5000
[2026-05-22T16:56:44.641Z] waitForNavigation begin
[2026-05-22T16:56:44.641Z] waitForNavigation timeout: 5000
[2026-05-22T16:56:44.646Z] waitForNavigation end
[2026-05-22T16:56:44.646Z] screenshotBase64 begin
[2026-05-22T16:56:44.647Z] waitForNavigation end
[2026-05-22T16:56:44.647Z] evaluate function begin
[2026-05-22T16:56:44.767Z] evaluate function end
[2026-05-22T16:56:44.837Z] screenshotBase64 end
[2026-05-22T16:56:51.386Z] waitForNavigation begin
[2026-05-22T16:56:51.386Z] waitForNavigation timeout: 5000
[2026-05-22T16:56:51.390Z] waitForNavigation end
[2026-05-22T16:56:51.390Z] screenshotBase64 begin
[2026-05-22T16:56:51.466Z] screenshotBase64 end
[2026-05-22T16:56:51.671Z] waitForNavigation begin
[2026-05-22T16:56:51.671Z] waitForNavigation timeout: 5000
[2026-05-22T16:56:51.676Z] waitForNavigation end
[2026-05-22T16:56:51.676Z] screenshotBase64 begin
[2026-05-22T16:56:51.735Z] screenshotBase64 end
[2026-05-22T16:56:54.774Z] waitForNavigation begin
[2026-05-22T16:56:54.774Z] waitForNavigation timeout: 5000
[2026-05-22T16:56:54.779Z] waitForNavigation end
[2026-05-22T16:56:54.779Z] screenshotBase64 begin
[2026-05-22T16:56:54.865Z] screenshotBase64 end
[2026-05-22T16:56:54.952Z] waitForNavigation begin
[2026-05-22T16:56:54.952Z] waitForNavigation timeout: 5000
[2026-05-22T16:56:54.952Z] waitForNavigation begin
[2026-05-22T16:56:54.952Z] waitForNavigation timeout: 5000
[2026-05-22T16:56:54.957Z] waitForNavigation end
[2026-05-22T16:56:54.957Z] screenshotBase64 begin
[2026-05-22T16:56:54.958Z] waitForNavigation end
[2026-05-22T16:56:54.959Z] evaluate function begin
[2026-05-22T16:56:55.110Z] evaluate function end
[2026-05-22T16:56:55.178Z] screenshotBase64 end
